// Jest Snapshot v1, https://goo.gl/fbAQLP

exports[`<App /> Начальный снимок 1`] = `
<Fragment>
  <ContextProvider
    value={
      Object {
        "changeState": [Function],
        "state": Object {
          "newTask": "",
          "tasks": Array [],
        },
      }
    }
  >
    <NewTask />
    <TasksList />
  </ContextProvider>
</Fragment>
`;
